PS C:\Users\sakura\OneDrive\Desktop\git_challengev> cd C:\Users\sakura\OneDrive\Desktop\git_challengev
PS C:\Users\sakura\OneDrive\Desktop\git_challengev> git init
Initialized empty Git repository in C:/Users/sakura/OneDrive/Desktop/git_challengev/.git/
PS C:\Users\sakura\OneDrive\Desktop\git_challengev> echo "Hello, world!" >> hello_world.txt
PS C:\Users\sakura\OneDrive\Desktop\git_challengev> git add hello_world.txt
PS C:\Users\sakura\OneDrive\Desktop\git_challengev> git commit -m "hello_world.txtを追加"
[main (root-commit) 8d2e2e4] hello_world.txtを追加
 1 file changed, 0 insertions(+), 0 deletions(-)
 create mode 100644 hello_world.txt
PS C:\Users\sakura\OneDrive\Desktop\git_challengev> echo "こんにちは、世界！" >> hello_world.txt
PS C:\Users\sakura\OneDrive\Desktop\git_challengev> git add hello_world.txt
PS C:\Users\sakura\OneDrive\Desktop\git_challengev> git commit -m "日本語訳を追記"
[main d1fd92b] 日本語訳を追記
 1 file changed, 0 insertions(+), 0 deletions(-)
PS C:\Users\sakura\OneDrive\Desktop\git_challengev> git log --oneline
d1fd92b (HEAD -> main) 日本語訳を追記
8d2e2e4 hello_world.txtを追加