PS C:\Users\sakura> cd C:\Development\git_challenge
PS C:\Development\git_challenge> git init
Initialized empty Git repository in C:/Development/git_challenge/.git/
PS C:\Development\git_challenge> echo "Hello, world!" >> hello_world.txt
PS C:\Development\git_challenge> git add hello_world.txt
PS C:\Development\git_challenge> git commit -m "hello_world.txtを追加"
[main (root-commit) 01e309c] hello_world.txtを追加
 1 file changed, 0 insertions(+), 0 deletions(-)
 create mode 100644 hello_world.txt
PS C:\Development\git_challenge> echo "こんにちは、世界！" >> hello_world.txt
PS C:\Development\git_challenge> git add hello_world.txt
PS C:\Development\git_challenge> git commit -m "日本語訳を追記"
[main 7bc9bdd] 日本語訳を追記
 1 file changed, 0 insertions(+), 0 deletions(-)
PS C:\Development\git_challenge> git log --oneline
7bc9bdd (HEAD -> main) 日本語訳を追記
01e309c hello_world.txtを追加